[2026-09-26 23:46:03] This is codeql database index-files --include-extension=.xml --include-extension=.wsdd --also-match-lgtm-index-filters --size-limit 10m --language xml -- /home/cngu5238/COMP4617/COMP4617/codeql-database/lib-crypto-util
[2026-09-26 23:46:03] Log file was started late.
[2026-09-26 23:46:03] Using index-files script /home/cngu5238/mod/codeql/xml/tools/index-files.sh.
[2026-09-26 23:46:03] [PROGRESS] database index-files> Scanning for files in /home/cngu5238/COMP4617/COMP4617/lib-crypto-util...
[2026-09-26 23:46:03] Calling plumbing command: codeql resolve files --include-extension=.xml --include-extension=.wsdd --also-match-lgtm-index-filters --size-limit=10m /home/cngu5238/COMP4617/COMP4617/lib-crypto-util --format=json
[2026-09-26 23:46:03] [PROGRESS] resolve files> Scanning /home/cngu5238/COMP4617/COMP4617/lib-crypto-util...
[2026-09-26 23:46:03] [PROGRESS] resolve files> Scanning /home/cngu5238/COMP4617/COMP4617/lib-crypto-util/.git...
[2026-09-26 23:46:03] [PROGRESS] resolve files> Scanning /home/cngu5238/COMP4617/COMP4617/lib-crypto-util/.git/branches...
[2026-09-26 23:46:03] [PROGRESS] resolve files> Scanning /home/cngu5238/COMP4617/COMP4617/lib-crypto-util/.git/hooks...
[2026-09-26 23:46:03] [PROGRESS] resolve files> Scanning /home/cngu5238/COMP4617/COMP4617/lib-crypto-util/.git/info...
[2026-09-26 23:46:03] [PROGRESS] resolve files> Scanning /home/cngu5238/COMP4617/COMP4617/lib-crypto-util/.git/logs...
[2026-09-26 23:46:03] [PROGRESS] resolve files> Scanning /home/cngu5238/COMP4617/COMP4617/lib-crypto-util/.git/logs/refs...
[2026-09-26 23:46:03] [PROGRESS] resolve files> Scanning /home/cngu5238/COMP4617/COMP4617/lib-crypto-util/.git/logs/refs/heads...
[2026-09-26 23:46:03] [PROGRESS] resolve files> Scanning /home/cngu5238/COMP4617/COMP4617/lib-crypto-util/.git/logs/refs/remotes...
[2026-09-26 23:46:03] [PROGRESS] resolve files> Scanning /home/cngu5238/COMP4617/COMP4617/lib-crypto-util/.git/logs/refs/remotes/origin...
[2026-09-26 23:46:03] [PROGRESS] resolve files> Scanning /home/cngu5238/COMP4617/COMP4617/lib-crypto-util/.git/objects...
[2026-09-26 23:46:03] [PROGRESS] resolve files> Scanning /home/cngu5238/COMP4617/COMP4617/lib-crypto-util/.git/objects/info...
[2026-09-26 23:46:03] [PROGRESS] resolve files> Scanning /home/cngu5238/COMP4617/COMP4617/lib-crypto-util/.git/objects/pack...
[2026-09-26 23:46:03] [PROGRESS] resolve files> Scanning /home/cngu5238/COMP4617/COMP4617/lib-crypto-util/.git/refs...
[2026-09-26 23:46:03] [PROGRESS] resolve files> Scanning /home/cngu5238/COMP4617/COMP4617/lib-crypto-util/.git/refs/heads...
[2026-09-26 23:46:03] [PROGRESS] resolve files> Scanning /home/cngu5238/COMP4617/COMP4617/lib-crypto-util/.git/refs/remotes...
[2026-09-26 23:46:03] [PROGRESS] resolve files> Scanning /home/cngu5238/COMP4617/COMP4617/lib-crypto-util/.git/refs/remotes/origin...
[2026-09-26 23:46:03] [PROGRESS] resolve files> Scanning /home/cngu5238/COMP4617/COMP4617/lib-crypto-util/.git/refs/tags...
[2026-09-26 23:46:03] [PROGRESS] resolve files> Scanning /home/cngu5238/COMP4617/COMP4617/lib-crypto-util/.github...
[2026-09-26 23:46:03] [PROGRESS] resolve files> Scanning /home/cngu5238/COMP4617/COMP4617/lib-crypto-util/.github/workflows...
[2026-09-26 23:46:03] [PROGRESS] resolve files> Scanning /home/cngu5238/COMP4617/COMP4617/lib-crypto-util/.mvn...
[2026-09-26 23:46:03] [PROGRESS] resolve files> Scanning /home/cngu5238/COMP4617/COMP4617/lib-crypto-util/src...
[2026-09-26 23:46:04] [PROGRESS] resolve files> Scanning /home/cngu5238/COMP4617/COMP4617/lib-crypto-util/src/main...
[2026-09-26 23:46:04] [PROGRESS] resolve files> Scanning /home/cngu5238/COMP4617/COMP4617/lib-crypto-util/src/main/java...
[2026-09-26 23:46:04] [PROGRESS] resolve files> Scanning /home/cngu5238/COMP4617/COMP4617/lib-crypto-util/src/main/java/org...
[2026-09-26 23:46:04] [PROGRESS] resolve files> Scanning /home/cngu5238/COMP4617/COMP4617/lib-crypto-util/src/main/java/org/jvnet...
[2026-09-26 23:46:04] [PROGRESS] resolve files> Scanning /home/cngu5238/COMP4617/COMP4617/lib-crypto-util/src/main/java/org/jvnet/hudson...
[2026-09-26 23:46:04] [PROGRESS] resolve files> Scanning /home/cngu5238/COMP4617/COMP4617/lib-crypto-util/src/main/java/org/jvnet/hudson/crypto...
[2026-09-26 23:46:04] [PROGRESS] resolve files> Scanning /home/cngu5238/COMP4617/COMP4617/lib-crypto-util/src/test...
[2026-09-26 23:46:04] [PROGRESS] resolve files> Scanning /home/cngu5238/COMP4617/COMP4617/lib-crypto-util/src/test/java...
[2026-09-26 23:46:04] [PROGRESS] resolve files> Scanning /home/cngu5238/COMP4617/COMP4617/lib-crypto-util/src/test/java/org...
[2026-09-26 23:46:04] [PROGRESS] resolve files> Scanning /home/cngu5238/COMP4617/COMP4617/lib-crypto-util/src/test/java/org/jvnet...
[2026-09-26 23:46:04] [PROGRESS] resolve files> Scanning /home/cngu5238/COMP4617/COMP4617/lib-crypto-util/src/test/java/org/jvnet/hudson...
[2026-09-26 23:46:04] [PROGRESS] resolve files> Scanning /home/cngu5238/COMP4617/COMP4617/lib-crypto-util/src/test/java/org/jvnet/hudson/crypto...
[2026-09-26 23:46:04] [PROGRESS] resolve files> Scanning /home/cngu5238/COMP4617/COMP4617/lib-crypto-util/src/test/resources...
[2026-09-26 23:46:04] [PROGRESS] resolve files> Scanning /home/cngu5238/COMP4617/COMP4617/lib-crypto-util/src/test/resources/org...
[2026-09-26 23:46:04] [PROGRESS] resolve files> Scanning /home/cngu5238/COMP4617/COMP4617/lib-crypto-util/src/test/resources/org/jvnet...
[2026-09-26 23:46:04] [PROGRESS] resolve files> Scanning /home/cngu5238/COMP4617/COMP4617/lib-crypto-util/src/test/resources/org/jvnet/hudson...
[2026-09-26 23:46:04] [PROGRESS] resolve files> Scanning /home/cngu5238/COMP4617/COMP4617/lib-crypto-util/src/test/resources/org/jvnet/hudson/crypto...
[2026-09-26 23:46:04] [PROGRESS] resolve files> Scanning /home/cngu5238/COMP4617/COMP4617/lib-crypto-util/target...
[2026-09-26 23:46:04] [PROGRESS] resolve files> Scanning /home/cngu5238/COMP4617/COMP4617/lib-crypto-util/target/classes...
[2026-09-26 23:46:04] [PROGRESS] resolve files> Scanning /home/cngu5238/COMP4617/COMP4617/lib-crypto-util/target/classes/org...
[2026-09-26 23:46:04] [PROGRESS] resolve files> Scanning /home/cngu5238/COMP4617/COMP4617/lib-crypto-util/target/classes/org/jvnet...
[2026-09-26 23:46:04] [PROGRESS] resolve files> Scanning /home/cngu5238/COMP4617/COMP4617/lib-crypto-util/target/classes/org/jvnet/hudson...
[2026-09-26 23:46:04] [PROGRESS] resolve files> Scanning /home/cngu5238/COMP4617/COMP4617/lib-crypto-util/target/classes/org/jvnet/hudson/crypto...
[2026-09-26 23:46:04] [PROGRESS] resolve files> Scanning /home/cngu5238/COMP4617/COMP4617/lib-crypto-util/target/generated-sources...
[2026-09-26 23:46:04] [PROGRESS] resolve files> Scanning /home/cngu5238/COMP4617/COMP4617/lib-crypto-util/target/generated-sources/annotations...
[2026-09-26 23:46:04] [PROGRESS] resolve files> Scanning /home/cngu5238/COMP4617/COMP4617/lib-crypto-util/target/generated-test-sources...
[2026-09-26 23:46:04] [PROGRESS] resolve files> Scanning /home/cngu5238/COMP4617/COMP4617/lib-crypto-util/target/generated-test-sources/test-annotations...
[2026-09-26 23:46:04] [PROGRESS] resolve files> Scanning /home/cngu5238/COMP4617/COMP4617/lib-crypto-util/target/maven-archiver...
[2026-09-26 23:46:04] [PROGRESS] resolve files> Scanning /home/cngu5238/COMP4617/COMP4617/lib-crypto-util/target/maven-status...
[2026-09-26 23:46:04] [PROGRESS] resolve files> Scanning /home/cngu5238/COMP4617/COMP4617/lib-crypto-util/target/maven-status/maven-compiler-plugin...
[2026-09-26 23:46:04] [PROGRESS] resolve files> Scanning /home/cngu5238/COMP4617/COMP4617/lib-crypto-util/target/maven-status/maven-compiler-plugin/compile...
[2026-09-26 23:46:04] [PROGRESS] resolve files> Scanning /home/cngu5238/COMP4617/COMP4617/lib-crypto-util/target/maven-status/maven-compiler-plugin/compile/default-compile...
[2026-09-26 23:46:04] [PROGRESS] resolve files> Scanning /home/cngu5238/COMP4617/COMP4617/lib-crypto-util/target/maven-status/maven-compiler-plugin/testCompile...
[2026-09-26 23:46:04] [PROGRESS] resolve files> Scanning /home/cngu5238/COMP4617/COMP4617/lib-crypto-util/target/maven-status/maven-compiler-plugin/testCompile/default-testCompile...
[2026-09-26 23:46:04] [PROGRESS] resolve files> Scanning /home/cngu5238/COMP4617/COMP4617/lib-crypto-util/target/test-classes...
[2026-09-26 23:46:04] [PROGRESS] resolve files> Scanning /home/cngu5238/COMP4617/COMP4617/lib-crypto-util/target/test-classes/org...
[2026-09-26 23:46:04] [PROGRESS] resolve files> Scanning /home/cngu5238/COMP4617/COMP4617/lib-crypto-util/target/test-classes/org/jvnet...
[2026-09-26 23:46:04] [PROGRESS] resolve files> Scanning /home/cngu5238/COMP4617/COMP4617/lib-crypto-util/target/test-classes/org/jvnet/hudson...
[2026-09-26 23:46:04] [PROGRESS] resolve files> Scanning /home/cngu5238/COMP4617/COMP4617/lib-crypto-util/target/test-classes/org/jvnet/hudson/crypto...
[2026-09-26 23:46:04] Plumbing command codeql resolve files completed:
                      [
                        "/home/cngu5238/COMP4617/COMP4617/lib-crypto-util/.mvn/extensions.xml",
                        "/home/cngu5238/COMP4617/COMP4617/lib-crypto-util/effective-pom.xml",
                        "/home/cngu5238/COMP4617/COMP4617/lib-crypto-util/pom.xml",
                        "/home/cngu5238/COMP4617/COMP4617/lib-crypto-util/target/spotbugsXml.xml"
                      ]
[2026-09-26 23:46:04] [DETAILS] database index-files> Found 4 files.
[2026-09-26 23:46:04] [PROGRESS] database index-files> /home/cngu5238/COMP4617/COMP4617/codeql-database/lib-crypto-util: Indexing files in in /home/cngu5238/COMP4617/COMP4617/lib-crypto-util...
[2026-09-26 23:46:04] Using index-files script /home/cngu5238/mod/codeql/xml/tools/index-files.sh.
[2026-09-26 23:46:04] [PROGRESS] database index-files> Running command in /home/cngu5238/COMP4617/COMP4617/lib-crypto-util: [/home/cngu5238/mod/codeql/xml/tools/index-files.sh, /home/cngu5238/COMP4617/COMP4617/codeql-database/lib-crypto-util/working/files-to-index7099566533653509772.list]
[2026-09-26 23:46:05] [build-stdout] [2026-09-26 23:46:05] [XMLExtractor] Processed 4 files in 666 ms; produced 24074 bytes of compressed TRAP
[2026-09-26 23:46:05] [build-stdout] 23:46:05.707 [main] INFO com.semmle.cli.SimpleExtractor.Stats -- Processed 4 files in 666 ms; produced 24074 bytes of compressed TRAP
[2026-09-26 23:46:05] Terminating normally.
