[2026-09-26 23:46:08] This is codeql database index-files --include-extension=.properties --also-match-lgtm-index-filters --size-limit=5m --language properties -- /home/cngu5238/COMP4617/COMP4617/codeql-database/lib-crypto-util
[2026-09-26 23:46:08] Log file was started late.
[2026-09-26 23:46:08] Using index-files script /home/cngu5238/mod/codeql/properties/tools/index-files.sh.
[2026-09-26 23:46:08] [PROGRESS] database index-files> Scanning for files in /home/cngu5238/COMP4617/COMP4617/lib-crypto-util...
[2026-09-26 23:46:08] Calling plumbing command: codeql resolve files --include-extension=.properties --also-match-lgtm-index-filters --size-limit=5m /home/cngu5238/COMP4617/COMP4617/lib-crypto-util --format=json
[2026-09-26 23:46:08] [PROGRESS] resolve files> Scanning /home/cngu5238/COMP4617/COMP4617/lib-crypto-util...
[2026-09-26 23:46:08] [PROGRESS] resolve files> Scanning /home/cngu5238/COMP4617/COMP4617/lib-crypto-util/.git...
[2026-09-26 23:46:08] [PROGRESS] resolve files> Scanning /home/cngu5238/COMP4617/COMP4617/lib-crypto-util/.git/branches...
[2026-09-26 23:46:08] [PROGRESS] resolve files> Scanning /home/cngu5238/COMP4617/COMP4617/lib-crypto-util/.git/hooks...
[2026-09-26 23:46:08] [PROGRESS] resolve files> Scanning /home/cngu5238/COMP4617/COMP4617/lib-crypto-util/.git/info...
[2026-09-26 23:46:08] [PROGRESS] resolve files> Scanning /home/cngu5238/COMP4617/COMP4617/lib-crypto-util/.git/logs...
[2026-09-26 23:46:08] [PROGRESS] resolve files> Scanning /home/cngu5238/COMP4617/COMP4617/lib-crypto-util/.git/logs/refs...
[2026-09-26 23:46:08] [PROGRESS] resolve files> Scanning /home/cngu5238/COMP4617/COMP4617/lib-crypto-util/.git/logs/refs/heads...
[2026-09-26 23:46:08] [PROGRESS] resolve files> Scanning /home/cngu5238/COMP4617/COMP4617/lib-crypto-util/.git/logs/refs/remotes...
[2026-09-26 23:46:08] [PROGRESS] resolve files> Scanning /home/cngu5238/COMP4617/COMP4617/lib-crypto-util/.git/logs/refs/remotes/origin...
[2026-09-26 23:46:08] [PROGRESS] resolve files> Scanning /home/cngu5238/COMP4617/COMP4617/lib-crypto-util/.git/objects...
[2026-09-26 23:46:08] [PROGRESS] resolve files> Scanning /home/cngu5238/COMP4617/COMP4617/lib-crypto-util/.git/objects/info...
[2026-09-26 23:46:08] [PROGRESS] resolve files> Scanning /home/cngu5238/COMP4617/COMP4617/lib-crypto-util/.git/objects/pack...
[2026-09-26 23:46:08] [PROGRESS] resolve files> Scanning /home/cngu5238/COMP4617/COMP4617/lib-crypto-util/.git/refs...
[2026-09-26 23:46:08] [PROGRESS] resolve files> Scanning /home/cngu5238/COMP4617/COMP4617/lib-crypto-util/.git/refs/heads...
[2026-09-26 23:46:08] [PROGRESS] resolve files> Scanning /home/cngu5238/COMP4617/COMP4617/lib-crypto-util/.git/refs/remotes...
[2026-09-26 23:46:08] [PROGRESS] resolve files> Scanning /home/cngu5238/COMP4617/COMP4617/lib-crypto-util/.git/refs/remotes/origin...
[2026-09-26 23:46:08] [PROGRESS] resolve files> Scanning /home/cngu5238/COMP4617/COMP4617/lib-crypto-util/.git/refs/tags...
[2026-09-26 23:46:08] [PROGRESS] resolve files> Scanning /home/cngu5238/COMP4617/COMP4617/lib-crypto-util/.github...
[2026-09-26 23:46:08] [PROGRESS] resolve files> Scanning /home/cngu5238/COMP4617/COMP4617/lib-crypto-util/.github/workflows...
[2026-09-26 23:46:08] [PROGRESS] resolve files> Scanning /home/cngu5238/COMP4617/COMP4617/lib-crypto-util/.mvn...
[2026-09-26 23:46:08] [PROGRESS] resolve files> Scanning /home/cngu5238/COMP4617/COMP4617/lib-crypto-util/src...
[2026-09-26 23:46:08] [PROGRESS] resolve files> Scanning /home/cngu5238/COMP4617/COMP4617/lib-crypto-util/src/main...
[2026-09-26 23:46:08] [PROGRESS] resolve files> Scanning /home/cngu5238/COMP4617/COMP4617/lib-crypto-util/src/main/java...
[2026-09-26 23:46:08] [PROGRESS] resolve files> Scanning /home/cngu5238/COMP4617/COMP4617/lib-crypto-util/src/main/java/org...
[2026-09-26 23:46:08] [PROGRESS] resolve files> Scanning /home/cngu5238/COMP4617/COMP4617/lib-crypto-util/src/main/java/org/jvnet...
[2026-09-26 23:46:08] [PROGRESS] resolve files> Scanning /home/cngu5238/COMP4617/COMP4617/lib-crypto-util/src/main/java/org/jvnet/hudson...
[2026-09-26 23:46:08] [PROGRESS] resolve files> Scanning /home/cngu5238/COMP4617/COMP4617/lib-crypto-util/src/main/java/org/jvnet/hudson/crypto...
[2026-09-26 23:46:08] [PROGRESS] resolve files> Scanning /home/cngu5238/COMP4617/COMP4617/lib-crypto-util/src/test...
[2026-09-26 23:46:08] [PROGRESS] resolve files> Scanning /home/cngu5238/COMP4617/COMP4617/lib-crypto-util/src/test/java...
[2026-09-26 23:46:08] [PROGRESS] resolve files> Scanning /home/cngu5238/COMP4617/COMP4617/lib-crypto-util/src/test/java/org...
[2026-09-26 23:46:08] [PROGRESS] resolve files> Scanning /home/cngu5238/COMP4617/COMP4617/lib-crypto-util/src/test/java/org/jvnet...
[2026-09-26 23:46:08] [PROGRESS] resolve files> Scanning /home/cngu5238/COMP4617/COMP4617/lib-crypto-util/src/test/java/org/jvnet/hudson...
[2026-09-26 23:46:08] [PROGRESS] resolve files> Scanning /home/cngu5238/COMP4617/COMP4617/lib-crypto-util/src/test/java/org/jvnet/hudson/crypto...
[2026-09-26 23:46:08] [PROGRESS] resolve files> Scanning /home/cngu5238/COMP4617/COMP4617/lib-crypto-util/src/test/resources...
[2026-09-26 23:46:08] [PROGRESS] resolve files> Scanning /home/cngu5238/COMP4617/COMP4617/lib-crypto-util/src/test/resources/org...
[2026-09-26 23:46:08] [PROGRESS] resolve files> Scanning /home/cngu5238/COMP4617/COMP4617/lib-crypto-util/src/test/resources/org/jvnet...
[2026-09-26 23:46:08] [PROGRESS] resolve files> Scanning /home/cngu5238/COMP4617/COMP4617/lib-crypto-util/src/test/resources/org/jvnet/hudson...
[2026-09-26 23:46:08] [PROGRESS] resolve files> Scanning /home/cngu5238/COMP4617/COMP4617/lib-crypto-util/src/test/resources/org/jvnet/hudson/crypto...
[2026-09-26 23:46:08] [PROGRESS] resolve files> Scanning /home/cngu5238/COMP4617/COMP4617/lib-crypto-util/target...
[2026-09-26 23:46:08] [PROGRESS] resolve files> Scanning /home/cngu5238/COMP4617/COMP4617/lib-crypto-util/target/classes...
[2026-09-26 23:46:08] [PROGRESS] resolve files> Scanning /home/cngu5238/COMP4617/COMP4617/lib-crypto-util/target/classes/org...
[2026-09-26 23:46:08] [PROGRESS] resolve files> Scanning /home/cngu5238/COMP4617/COMP4617/lib-crypto-util/target/classes/org/jvnet...
[2026-09-26 23:46:08] [PROGRESS] resolve files> Scanning /home/cngu5238/COMP4617/COMP4617/lib-crypto-util/target/classes/org/jvnet/hudson...
[2026-09-26 23:46:08] [PROGRESS] resolve files> Scanning /home/cngu5238/COMP4617/COMP4617/lib-crypto-util/target/classes/org/jvnet/hudson/crypto...
[2026-09-26 23:46:08] [PROGRESS] resolve files> Scanning /home/cngu5238/COMP4617/COMP4617/lib-crypto-util/target/generated-sources...
[2026-09-26 23:46:08] [PROGRESS] resolve files> Scanning /home/cngu5238/COMP4617/COMP4617/lib-crypto-util/target/generated-sources/annotations...
[2026-09-26 23:46:08] [PROGRESS] resolve files> Scanning /home/cngu5238/COMP4617/COMP4617/lib-crypto-util/target/generated-test-sources...
[2026-09-26 23:46:08] [PROGRESS] resolve files> Scanning /home/cngu5238/COMP4617/COMP4617/lib-crypto-util/target/generated-test-sources/test-annotations...
[2026-09-26 23:46:08] [PROGRESS] resolve files> Scanning /home/cngu5238/COMP4617/COMP4617/lib-crypto-util/target/maven-archiver...
[2026-09-26 23:46:08] [PROGRESS] resolve files> Scanning /home/cngu5238/COMP4617/COMP4617/lib-crypto-util/target/maven-status...
[2026-09-26 23:46:08] [PROGRESS] resolve files> Scanning /home/cngu5238/COMP4617/COMP4617/lib-crypto-util/target/maven-status/maven-compiler-plugin...
[2026-09-26 23:46:08] [PROGRESS] resolve files> Scanning /home/cngu5238/COMP4617/COMP4617/lib-crypto-util/target/maven-status/maven-compiler-plugin/compile...
[2026-09-26 23:46:08] [PROGRESS] resolve files> Scanning /home/cngu5238/COMP4617/COMP4617/lib-crypto-util/target/maven-status/maven-compiler-plugin/compile/default-compile...
[2026-09-26 23:46:08] [PROGRESS] resolve files> Scanning /home/cngu5238/COMP4617/COMP4617/lib-crypto-util/target/maven-status/maven-compiler-plugin/testCompile...
[2026-09-26 23:46:08] [PROGRESS] resolve files> Scanning /home/cngu5238/COMP4617/COMP4617/lib-crypto-util/target/maven-status/maven-compiler-plugin/testCompile/default-testCompile...
[2026-09-26 23:46:08] [PROGRESS] resolve files> Scanning /home/cngu5238/COMP4617/COMP4617/lib-crypto-util/target/test-classes...
[2026-09-26 23:46:08] [PROGRESS] resolve files> Scanning /home/cngu5238/COMP4617/COMP4617/lib-crypto-util/target/test-classes/org...
[2026-09-26 23:46:08] [PROGRESS] resolve files> Scanning /home/cngu5238/COMP4617/COMP4617/lib-crypto-util/target/test-classes/org/jvnet...
[2026-09-26 23:46:08] [PROGRESS] resolve files> Scanning /home/cngu5238/COMP4617/COMP4617/lib-crypto-util/target/test-classes/org/jvnet/hudson...
[2026-09-26 23:46:08] [PROGRESS] resolve files> Scanning /home/cngu5238/COMP4617/COMP4617/lib-crypto-util/target/test-classes/org/jvnet/hudson/crypto...
[2026-09-26 23:46:08] Plumbing command codeql resolve files completed:
                      [
                        "/home/cngu5238/COMP4617/COMP4617/lib-crypto-util/target/maven-archiver/pom.properties"
                      ]
[2026-09-26 23:46:08] [DETAILS] database index-files> Found 1 files.
[2026-09-26 23:46:08] [PROGRESS] database index-files> /home/cngu5238/COMP4617/COMP4617/codeql-database/lib-crypto-util: Indexing files in in /home/cngu5238/COMP4617/COMP4617/lib-crypto-util...
[2026-09-26 23:46:08] Using index-files script /home/cngu5238/mod/codeql/properties/tools/index-files.sh.
[2026-09-26 23:46:08] [PROGRESS] database index-files> Running command in /home/cngu5238/COMP4617/COMP4617/lib-crypto-util: [/home/cngu5238/mod/codeql/properties/tools/index-files.sh, /home/cngu5238/COMP4617/COMP4617/codeql-database/lib-crypto-util/working/files-to-index425817036074119398.list]
[2026-09-26 23:46:09] [build-stdout] [2026-09-26 23:46:09] [PropertiesExtractor] Processed 1 files in 255 ms; produced 0 bytes of compressed TRAP
[2026-09-26 23:46:10] Terminating normally.
