[2026-09-26 23:40:57] This is codeql database create /home/cngu5238/COMP4617/COMP4617/codeql-database/lib-crypto-util --language=java-kotlin --command=mvn clean install -DskipTests
[2026-09-26 23:40:57] Log file was started late.
[2026-09-26 23:40:57] [PROGRESS] database create> Initializing database at /home/cngu5238/COMP4617/COMP4617/codeql-database/lib-crypto-util.
[2026-09-26 23:40:57] Running plumbing command: codeql database init --language=java-kotlin --extractor-options-verbosity=1 --qlconfig-file=/home/cngu5238/COMP4617/COMP4617/qlconfig.yml --source-root=/home/cngu5238/COMP4617/COMP4617 --allow-missing-source-root=false --allow-already-existing -- /home/cngu5238/COMP4617/COMP4617/codeql-database/lib-crypto-util
[2026-09-26 23:40:57] Calling plumbing command: codeql resolve languages --extractor-options-verbosity=1 --format=betterjson
[2026-09-26 23:40:58] [DETAILS] resolve languages> Scanning for [codeql-extractor.yml] from /home/cngu5238/mod/codeql/.codeqlmanifest.json
[2026-09-26 23:40:58] [DETAILS] resolve languages> Parsing /home/cngu5238/mod/codeql/actions/codeql-extractor.yml.
[2026-09-26 23:40:58] [DETAILS] resolve languages> Parsing /home/cngu5238/mod/codeql/cpp/codeql-extractor.yml.
[2026-09-26 23:40:58] [DETAILS] resolve languages> Parsing /home/cngu5238/mod/codeql/csharp/codeql-extractor.yml.
[2026-09-26 23:40:58] [DETAILS] resolve languages> Parsing /home/cngu5238/mod/codeql/csv/codeql-extractor.yml.
[2026-09-26 23:40:58] [DETAILS] resolve languages> Parsing /home/cngu5238/mod/codeql/go/codeql-extractor.yml.
[2026-09-26 23:40:58] [DETAILS] resolve languages> Parsing /home/cngu5238/mod/codeql/html/codeql-extractor.yml.
[2026-09-26 23:40:58] [DETAILS] resolve languages> Parsing /home/cngu5238/mod/codeql/java/codeql-extractor.yml.
[2026-09-26 23:40:59] [DETAILS] resolve languages> Parsing /home/cngu5238/mod/codeql/javascript/codeql-extractor.yml.
[2026-09-26 23:40:59] [DETAILS] resolve languages> Parsing /home/cngu5238/mod/codeql/properties/codeql-extractor.yml.
[2026-09-26 23:40:59] [DETAILS] resolve languages> Parsing /home/cngu5238/mod/codeql/python/codeql-extractor.yml.
[2026-09-26 23:40:59] [DETAILS] resolve languages> Parsing /home/cngu5238/mod/codeql/ruby/codeql-extractor.yml.
[2026-09-26 23:40:59] [DETAILS] resolve languages> Parsing /home/cngu5238/mod/codeql/rust/codeql-extractor.yml.
[2026-09-26 23:40:59] [DETAILS] resolve languages> Parsing /home/cngu5238/mod/codeql/swift/codeql-extractor.yml.
[2026-09-26 23:40:59] [DETAILS] resolve languages> Parsing /home/cngu5238/mod/codeql/xml/codeql-extractor.yml.
[2026-09-26 23:40:59] [DETAILS] resolve languages> Parsing /home/cngu5238/mod/codeql/yaml/codeql-extractor.yml.
[2026-09-26 23:40:59] Plumbing command codeql resolve languages completed:
                      {
                        "aliases" : {
                          "c" : "cpp",
                          "c++" : "cpp",
                          "c-c++" : "cpp",
                          "c-cpp" : "cpp",
                          "c#" : "csharp",
                          "java-kotlin" : "java",
                          "kotlin" : "java",
                          "javascript-typescript" : "javascript",
                          "typescript" : "javascript"
                        },
                        "extractors" : {
                          "actions" : [
                            {
                              "extractor_root" : "/home/cngu5238/mod/codeql/actions",
                              "extractor_options" : { }
                            }
                          ],
                          "cpp" : [
                            {
                              "extractor_root" : "/home/cngu5238/mod/codeql/cpp",
                              "extractor_options" : {
                                "scale_timeouts" : {
                                  "title" : "Value to scale compiler introspection timeouts with",
                                  "description" : "The extractor attempts to determine what compiler the source code being extracted is compiled with. To this end the extractor makes additional calls to the compiler, some of which are expected to return within a certain fixed time (either 10s or 15s). On some systems that are under high load this time might be too short, and can be scaled up using this option.\n",
                                  "type" : "string",
                                  "pattern" : "[0-9]+"
                                },
                                "log_verbosity" : {
                                  "title" : "Verbosity of the extractor logging",
                                  "description" : "Set the verbosity of the extractor logging to 'quiet' (0), 'normal' (1), 'chatty' (2), or 'noisy' (3). The default is 'normal'.\n",
                                  "type" : "string",
                                  "pattern" : "[0-3]"
                                }
                              }
                            }
                          ],
                          "csharp" : [
                            {
                              "extractor_root" : "/home/cngu5238/mod/codeql/csharp",
                              "extractor_options" : {
                                "trap" : {
                                  "title" : "Options pertaining to TRAP.",
                                  "description" : "Options pertaining to TRAP.",
                                  "type" : "object",
                                  "properties" : {
                                    "compression" : {
                                      "title" : "Controls compression for the TRAP files written by the extractor.",
                                      "description" : "This option is only intended for use in debugging the extractor. Accepted values are 'brotli' (the default, to write brotli-compressed TRAP), 'gzip', and 'none' (to write uncompressed TRAP).\n",
                                      "type" : "string",
                                      "pattern" : "^(none|gzip|brotli)$"
                                    }
                                  }
                                },
                                "buildless" : {
                                  "title" : "DEPRECATED - Whether to use buildless (standalone) extraction.",
                                  "description" : "DEPRECATED: Use `--build-mode none` instead.\nA value indicating, which type of extraction the autobuilder should perform. If 'true', then the standalone extractor will be used, otherwise tracing extraction will be performed. The default is 'false'. Note that buildless extraction will generally yield less accurate analysis results, and should only be used in cases where it is not possible to build the code (for example if it uses inaccessible dependencies).\n",
                                  "type" : "string",
                                  "pattern" : "^(false|true)$"
                                },
                                "logging" : {
                                  "title" : "Options pertaining to logging.",
                                  "description" : "Options pertaining to logging.",
                                  "type" : "object",
                                  "properties" : {
                                    "verbosity" : {
                                      "title" : "Extractor logging verbosity level.",
                                      "description" : "Controls the level of verbosity of the extractor. The supported levels are (in order of increasing verbosity):\n  - off\n  - errors\n  - warnings\n  - info or progress\n  - debug or progress+\n  - trace or progress++\n  - progress+++\n",
                                      "type" : "string",
                                      "pattern" : "^(off|errors|warnings|(info|progress)|(debug|progress\\+)|(trace|progress\\+\\+)|progress\\+\\+\\+)$"
                                    }
                                  }
                                },
                                "binlog" : {
                                  "title" : "Binlog",
                                  "description" : "[EXPERIMENTAL] The value is a path to the MsBuild binary log file that should be extracted. This option only works when `--build-mode none` is also specified.\n",
                                  "type" : "array"
                                },
                                "buildless_dependency_dir" : {
                                  "title" : "The path where buildless (standalone) extraction should keep dependencies.",
                                  "description" : "If set, the buildless (standalone) extractor will store dependencies in this directory.\n",
                                  "type" : "string"
                                }
                              }
                            }
                          ],
                          "csv" : [
                            {
                              "extractor_root" : "/home/cngu5238/mod/codeql/csv"
                            }
                          ],
                          "go" : [
                            {
                              "extractor_root" : "/home/cngu5238/mod/codeql/go",
                              "extractor_options" : {
                                "extract_tests" : {
                                  "title" : "Whether to include Go test files in the CodeQL database.",
                                  "description" : "A value indicating whether Go test files should be included in the CodeQL database. The default is 'false'.\n",
                                  "type" : "string",
                                  "pattern" : "^(false|true)$"
                                },
                                "extract_vendor_dirs" : {
                                  "title" : "Whether to include Go vendor directories in the CodeQL database.",
                                  "description" : "A value indicating whether Go vendor directories should be included in the CodeQL database. The default is 'false'.\n",
                                  "type" : "string",
                                  "pattern" : "^(false|true)$"
                                }
                              }
                            }
                          ],
                          "html" : [
                            {
                              "extractor_root" : "/home/cngu5238/mod/codeql/html"
                            }
                          ],
                          "java" : [
                            {
                              "extractor_root" : "/home/cngu5238/mod/codeql/java",
                              "extractor_options" : {
                                "exclude" : {
                                  "title" : "A glob excluding files from analysis.",
                                  "description" : "A glob indicating what files to exclude from the analysis. This accepts glob patterns that are supported by Java's 'getPathMatcher' implementation.\n",
                                  "type" : "string"
                                },
                                "add_prefer_source" : {
                                  "title" : "Whether to always prefer source files over class files.",
                                  "description" : "A value indicating whether source files should be preferred over class files. If set to 'true', the extraction adds '-Xprefer:source' to the javac command line. If set to 'false', the extraction uses the default javac behavior ('-Xprefer:newer'). The default is 'true'.\n",
                                  "type" : "string",
                                  "pattern" : "^(false|true)$"
                                },
                                "buildless" : {
                                  "title" : "Whether to use buildless (standalone) extraction (experimental).",
                                  "description" : "A value indicating, which type of extraction the autobuilder should perform. If 'true', then the standalone extractor will be used, otherwise tracing extraction will be performed. The default is 'false'. Note that buildless extraction will generally yield less accurate analysis results, and should only be used in cases where it is not possible to build the code (for example if it uses inaccessible dependencies).\n",
                                  "type" : "string",
                                  "pattern" : "^(false|true)$"
                                },
                                "buildless_dependency_dir" : {
                                  "title" : "The path where buildless (standalone) extraction should keep dependencies.",
                                  "description" : "If set, the buildless (standalone) extractor will store dependencies in this directory.\n",
                                  "type" : "string"
                                },
                                "minimize_dependency_jars" : {
                                  "title" : "Whether to rewrite and minimize downloaded JAR dependencies (experimental).",
                                  "description" : "If 'true', JAR dependencies downloaded during extraction will be rewritten to remove unneeded data, such as method bodies. The default is 'false'.\n",
                                  "type" : "string",
                                  "pattern" : "^(false|true)$"
                                }
                              }
                            }
                          ],
                          "javascript" : [
                            {
                              "extractor_root" : "/home/cngu5238/mod/codeql/javascript",
                              "extractor_options" : {
                                "skip_types" : {
                                  "title" : "Skip type extraction for TypeScript",
                                  "description" : "Whether to skip the extraction of types in a TypeScript application",
                                  "type" : "string",
                                  "pattern" : "^(false|true)$"
                                }
                              }
                            }
                          ],
                          "properties" : [
                            {
                              "extractor_root" : "/home/cngu5238/mod/codeql/properties"
                            }
                          ],
                          "python" : [
                            {
                              "extractor_root" : "/home/cngu5238/mod/codeql/python",
                              "extractor_options" : {
                                "logging" : {
                                  "title" : "Options pertaining to logging.",
                                  "description" : "Options pertaining to logging.",
                                  "type" : "object",
                                  "properties" : {
                                    "verbosity" : {
                                      "title" : "Python extractor logging verbosity level.",
                                      "description" : "Controls the level of verbosity of the CodeQL Python extractor.\nThe supported levels are (in order of increasing verbosity):\n\n  - off\n  - errors\n  - warnings\n  - info or progress\n  - debug or progress+\n  - trace or progress++\n  - progress+++\n",
                                      "type" : "string",
                                      "pattern" : "^(off|errors|warnings|(info|progress)|(debug|progress\\+)|(trace|progress\\+\\+)|progress\\+\\+\\+)$"
                                    }
                                  }
                                },
                                "python_executable_name" : {
                                  "title" : "Controls the name of the Python executable used by the Python extractor.",
                                  "description" : "The Python extractor uses platform-dependent heuristics to determine the name of the Python executable to use. Specifying a value for this option overrides the name of the Python executable used by the extractor. Accepted values are py, python and python3. Use this setting with caution, the Python extractor requires Python 3 to run.\n",
                                  "type" : "string",
                                  "pattern" : "^(py|python|python3)$"
                                }
                              }
                            }
                          ],
                          "ruby" : [
                            {
                              "extractor_root" : "/home/cngu5238/mod/codeql/ruby",
                              "extractor_options" : {
                                "trap" : {
                                  "title" : "Options pertaining to TRAP.",
                                  "description" : "Options pertaining to TRAP.",
                                  "type" : "object",
                                  "properties" : {
                                    "compression" : {
                                      "title" : "Controls compression for the TRAP files written by the extractor.",
                                      "description" : "This option is only intended for use in debugging the extractor. Accepted values are 'gzip' (the default, to write gzip-compressed TRAP) 'zstd' (to write Zstandard-compressed TRAP) and 'none' (to write uncompressed TRAP).\n",
                                      "type" : "string",
                                      "pattern" : "^(none|gzip|zstd)$"
                                    }
                                  }
                                }
                              }
                            }
                          ],
                          "rust" : [
                            {
                              "extractor_root" : "/home/cngu5238/mod/codeql/rust",
                              "extractor_options" : {
                                "trap" : {
                                  "title" : "Options pertaining to TRAP.",
                                  "description" : "Options pertaining to TRAP.",
                                  "type" : "object",
                                  "properties" : {
                                    "compression" : {
                                      "title" : "Controls compression for the TRAP files written by the extractor.",
                                      "description" : "This option is only intended for use in debugging the extractor. Accepted values are 'gzip' (to write gzip-compressed TRAP) 'zstd' (the default, to write Zstandard-compressed TRAP) and 'none' (to write uncompressed TRAP).\n",
                                      "type" : "string",
                                      "pattern" : "^(none|gzip|zstd)$"
                                    }
                                  }
                                },
                                "cargo_target_dir" : {
                                  "title" : "Directory to use for cargo output files.",
                                  "description" : "This value is an optional path to use as `CARGO_TARGET_DIR` for the internal cargo commands the extractor uses. Pointing it to a persistent directory may reduce execution time of consecutive extractor runs. By default, a new scratch directory is used for each extraction, while qltests use the test's `target` directory so artifacts can be reused across runs.\n",
                                  "type" : "string"
                                },
                                "cargo_target" : {
                                  "title" : "Target architecture",
                                  "description" : "Target architecture to use for analysis, analogous to `cargo --target`. By default the host architecture is used.\n",
                                  "type" : "string"
                                },
                                "cargo_features" : {
                                  "title" : "Cargo features to turn on",
                                  "description" : "Comma-separated list of features to turn on. By default all features are enabled. If any features are specified, then only those features are enabled. The `default` feature must be explicitly specified if only default features are desired. Can be repeated.\n",
                                  "type" : "array"
                                },
                                "cargo_cfg_overrides" : {
                                  "title" : "Cargo cfg overrides",
                                  "description" : "Comma-separated list of cfg settings to enable, or disable if prefixed with `-`. Can be repeated.\n",
                                  "type" : "array"
                                },
                                "logging" : {
                                  "title" : "Options pertaining to logging.",
                                  "description" : "Options pertaining to logging.",
                                  "type" : "object",
                                  "properties" : {
                                    "verbosity" : {
                                      "title" : "Extractor logging verbosity level.",
                                      "description" : "Controls the level of verbosity of the extractor. The supported levels are (in order of increasing verbosity):\n  - off\n  - errors\n  - warnings\n  - info or progress\n  - debug or progress+\n  - trace or progress++\n  - progress+++\n",
                                      "type" : "string",
                                      "pattern" : "^(off|errors|warnings|(info|progress)|(debug|progress\\+)|(trace|progress\\+\\+)|progress\\+\\+\\+)$"
                                    },
                                    "flamegraph" : {
                                      "title" : "[Experimental] File path for write flame graph log",
                                      "description" : "Collect flame graph data using the `tracing-flame` crate. To render a flame graph or chart, run the `inferno-flamegraph` command. See also: https://crates.io/crates/tracing-flame\n",
                                      "type" : "string"
                                    }
                                  }
                                },
                                "extract_dependencies_as_source" : {
                                  "title" : "Extract dependencies as source code",
                                  "description" : "Extract the full source code of dependencies instead of only extracting signatures.\n",
                                  "type" : "string",
                                  "pattern" : "^(false|true)$"
                                }
                              }
                            }
                          ],
                          "swift" : [
                            {
                              "extractor_root" : "/home/cngu5238/mod/codeql/swift"
                            }
                          ],
                          "xml" : [
                            {
                              "extractor_root" : "/home/cngu5238/mod/codeql/xml"
                            }
                          ],
                          "yaml" : [
                            {
                              "extractor_root" : "/home/cngu5238/mod/codeql/yaml"
                            }
                          ]
                        }
                      }
[2026-09-26 23:40:59] [PROGRESS] database init> Calculating baseline information in /home/cngu5238/COMP4617/COMP4617
[2026-09-26 23:40:59] [SPAMMY] database init> Ignoring the following directories when processing baseline information: .git, .hg, .svn.
[2026-09-26 23:40:59] [DETAILS] database init> Running command in /home/cngu5238/COMP4617/COMP4617: /home/cngu5238/mod/codeql/tools/linux64/scc --no-config --by-file --exclude-dir .git,.hg,.svn --format json --no-large --no-min .
[2026-09-26 23:41:00] Using configure-baseline script /home/cngu5238/mod/codeql/actions/tools/configure-baseline.sh.
[2026-09-26 23:41:00] [PROGRESS] database init> Running command in /home/cngu5238/COMP4617/COMP4617: [/home/cngu5238/mod/codeql/actions/tools/configure-baseline.sh]
[2026-09-26 23:41:00] [SPAMMY] database init> Ignored an additional 22 files when processing baseline information for YAML due to paths and paths-ignore configuration.
[2026-09-26 23:41:00] [SPAMMY] database init> Found 0 baseline files for actions.
[2026-09-26 23:41:00] [SPAMMY] database init> Found 5 baseline files for java.
[2026-09-26 23:41:00] [PROGRESS] database init> Calculated baseline information for languages: actions, java (600ms).
[2026-09-26 23:41:00] [SPAMMY] database init> Selected JGit Git client for /home/cngu5238/COMP4617/COMP4617 because the repository uses SHA-1 object format.
[2026-09-26 23:41:00] [PROGRESS] database init> Resolving extractor java.
[2026-09-26 23:41:00] [DETAILS] database init> Found candidate extractor root for java: /home/cngu5238/mod/codeql/java.
[2026-09-26 23:41:00] [PROGRESS] database init> Successfully loaded extractor Java/Kotlin (java) from /home/cngu5238/mod/codeql/java.
[2026-09-26 23:41:00] [PROGRESS] database init> Created skeleton CodeQL database at /home/cngu5238/COMP4617/COMP4617/codeql-database/lib-crypto-util. This in-progress database is ready to be populated by an extractor.
[2026-09-26 23:41:00] Plumbing command codeql database init completed.
[2026-09-26 23:41:00] [PROGRESS] database create> Running build command: [mvn, clean, install, -DskipTests]
[2026-09-26 23:41:00] Running plumbing command: codeql database trace-command --working-dir=/home/cngu5238/COMP4617/COMP4617 --index-traceless-dbs --no-db-cluster -- /home/cngu5238/COMP4617/COMP4617/codeql-database/lib-crypto-util mvn clean install -DskipTests
[2026-09-26 23:41:01] [PROGRESS] database trace-command> Running command in /home/cngu5238/COMP4617/COMP4617: [mvn, clean, install, -DskipTests]
[2026-09-26 23:41:21] [build-stdout] [INFO] Scanning for projects...
[2026-09-26 23:41:22] [build-stdout] [INFO] ------------------------------------------------------------------------
[2026-09-26 23:41:22] [build-stdout] [INFO] BUILD FAILURE
[2026-09-26 23:41:22] [build-stdout] [INFO] ------------------------------------------------------------------------
[2026-09-26 23:41:22] [build-stdout] [INFO] Total time:  0.584 s
[2026-09-26 23:41:22] [build-stdout] [INFO] Finished at: 2026-09-26T23:41:22+10:00
[2026-09-26 23:41:22] [build-stdout] [INFO] ------------------------------------------------------------------------
[2026-09-26 23:41:22] [build-stdout] [ERROR] The goal you specified requires a project to execute but there is no POM in this directory (/home/cngu5238/COMP4617/COMP4617). Please verify you invoked Maven from the correct directory. -> [Help 1]
[2026-09-26 23:41:22] [build-stdout] [ERROR] 
[2026-09-26 23:41:22] [build-stdout] [ERROR] To see the full stack trace of the errors, re-run Maven with the -e switch.
[2026-09-26 23:41:22] [build-stdout] [ERROR] Re-run Maven using the -X switch to enable full debug logging.
[2026-09-26 23:41:22] [build-stdout] [ERROR] 
[2026-09-26 23:41:22] [build-stdout] [ERROR] For more information about the errors and possible solutions, please read the following articles:
[2026-09-26 23:41:22] [build-stdout] [ERROR] [Help 1] http://cwiki.apache.org/confluence/display/MAVEN/MissingProjectException
[2026-09-26 23:41:22] [ERROR] Spawned process exited abnormally (code 1; tried to run: [/home/cngu5238/mod/codeql/tools/linux64/preload_tracer, mvn, clean, install, -DskipTests])
[2026-09-26 23:41:22] Exception caught at top level: Exit status 1 from command: [mvn, clean, install, -DskipTests]
                      com.semmle.cli2.Commandline.executeAndCheckResult(Commandline.java:170)
                      com.semmle.cli2.Commandline.runWithoutReturn(Commandline.java:123)
                      com.semmle.cli2.database.DatabaseProcessCommandCommon.executeSubcommand(DatabaseProcessCommandCommon.java:228)
                      com.semmle.cli2.database.TraceCommandCommand.executeSubcommand(TraceCommandCommand.java:126)
                      com.semmle.cli2.picocli.SubcommandCommon.lambda$executeSubcommandWithMessages$5(SubcommandCommon.java:893)
                      com.semmle.cli2.picocli.SubcommandCommon.withCompilationMessages(SubcommandCommon.java:450)
                      com.semmle.cli2.picocli.SubcommandCommon.executeSubcommandWithMessages(SubcommandCommon.java:891)
                      com.semmle.cli2.picocli.PlumbingRunner.run(PlumbingRunner.java:123)
                      com.semmle.cli2.picocli.SubcommandCommon.runPlumbingInProcess(SubcommandCommon.java:202)
                      com.semmle.cli2.database.CreateCommand.executeSubcommand(CreateCommand.java:189)
                      com.semmle.cli2.picocli.SubcommandCommon.lambda$executeSubcommandWithMessages$5(SubcommandCommon.java:893)
                      com.semmle.cli2.picocli.SubcommandCommon.withCompilationMessages(SubcommandCommon.java:450)
                      com.semmle.cli2.picocli.SubcommandCommon.executeSubcommandWithMessages(SubcommandCommon.java:891)
                      com.semmle.cli2.picocli.SubcommandCommon.toplevelMain(SubcommandCommon.java:784)
                      com.semmle.cli2.picocli.SubcommandCommon.call(SubcommandCommon.java:763)
                      com.semmle.cli2.picocli.SubcommandMaker.runMain(SubcommandMaker.java:238)
                      com.semmle.cli2.picocli.SubcommandMaker.runMain(SubcommandMaker.java:259)
                      com.semmle.cli2.CodeQL.main(CodeQL.java:113)
