[2026-09-26 23:45:14] [javac-extractor-3364] Starting extraction for:
                                             sun.java.command=com.semmle.extractor.java.JavaExtractor --jdk-version 21 --javac-args @@@/home/cngu5238/COMP4617/COMP4617/codeql-database/lib-crypto-util/log/ext/javac-1.args
                                             user.dir=/home/cngu5238/COMP4617/COMP4617/lib-crypto-util
[2026-09-26 23:45:14] [javac-extractor-3364] Compilation name /home/cngu5238/COMP4617/COMP4617/codeql-database/lib-crypto-util/trap/java/diagnostics/diagnostic-1.trap.gz
[2026-09-26 23:45:14] [javac-extractor-3364] [WARN] Appending source destination directory /home/cngu5238/COMP4617/COMP4617/lib-crypto-util/target/generated-test-sources/test-annotations to sourcepath
[2026-09-26 23:45:18] [javac-extractor-3364] Annotation processor class 'lombok.launch.AnnotationProcessorHider$AnnotationProcessor' initialized.
[2026-09-26 23:45:18] [javac-extractor-3364] Annotation processor class 'lombok.launch.AnnotationProcessorHider$ClaimingProcessor' initialized.
[2026-09-26 23:45:18] [javac-extractor-3364] 2 files will be passed to the attrib/flow phase
[2026-09-26 23:45:18] [javac-extractor-3364] Processing file /home/cngu5238/COMP4617/COMP4617/lib-crypto-util/src/test/java/org/jvnet/hudson/crypto/PKIXTest.java
[2026-09-26 23:45:19] [javac-extractor-3364] [WARN] Not rewriting trap file for /home/cngu5238/COMP4617/COMP4617/codeql-database/lib-crypto-util/trap/java/classes/org/jvnet/hudson/crypto/CertificateUtil.members/CertificateUtil.members#65.0-1790430284413-java.trap.gz as /home/cngu5238/COMP4617/COMP4617/codeql-database/lib-crypto-util/trap/java/classes/org/jvnet/hudson/crypto/CertificateUtil.members/CertificateUtil.members#0.0-1790341155049-java.trap.gz exists
[2026-09-26 23:45:19] [javac-extractor-3364] Processing JAR file: /home/cngu5238/.m2/repository/org/junit/jupiter/junit-jupiter-api/6.0.1/junit-jupiter-api-6.0.1.jar
[2026-09-26 23:45:19] [javac-extractor-3364] Processing JAR file: /home/cngu5238/.m2/repository/org/apiguardian/apiguardian-api/1.1.2/apiguardian-api-1.1.2.jar
[2026-09-26 23:45:19] [javac-extractor-3364] Processing JAR file: /home/cngu5238/.m2/repository/org/junit/platform/junit-platform-commons/6.0.1/junit-platform-commons-6.0.1.jar
[2026-09-26 23:45:19] [javac-extractor-3364] Processing JAR file: /home/cngu5238/.m2/repository/org/opentest4j/opentest4j/1.3.0/opentest4j-1.3.0.jar
[2026-09-26 23:45:19] [javac-extractor-3364] Processing file /home/cngu5238/COMP4617/COMP4617/lib-crypto-util/src/test/java/org/jvnet/hudson/crypto/RSAPublicKeyUtilTest.java
[2026-09-26 23:45:19] [javac-extractor-3364] [WARN] Not rewriting trap file for /home/cngu5238/COMP4617/COMP4617/codeql-database/lib-crypto-util/trap/java/classes/org/jvnet/hudson/crypto/RSAPublicKeyUtil.members/RSAPublicKeyUtil.members#65.0-1790430284720-java.trap.gz as /home/cngu5238/COMP4617/COMP4617/codeql-database/lib-crypto-util/trap/java/classes/org/jvnet/hudson/crypto/RSAPublicKeyUtil.members/RSAPublicKeyUtil.members#0.0-1790341155052-java.trap.gz exists
[2026-09-26 23:45:20] [javac-extractor-3364] Javac init time: 3.3s
[2026-09-26 23:45:20] [javac-extractor-3364] Javac attr time: 0.2s
[2026-09-26 23:45:20] [javac-extractor-3364] Extractor time: 1.6s
[2026-09-26 23:45:20] [javac-extractor-3364] Other time: 0.6s
[2026-09-26 23:45:20] [javac-extractor-3364] Total time: 5.6s
